#-----------------------------------------------------------
# Vivado v2020.2 (64-bit)
# SW Build 3064766 on Wed Nov 18 09:12:45 MST 2020
# IP Build 3064653 on Wed Nov 18 14:17:31 MST 2020
# Start of session at: Tue May  4 16:34:03 2021
# Process ID: 5820
# Current directory: E:/VUT/4 Semester/DE1/Project1
# Command line: vivado.exe -gui_launcher_event rodinguilauncherevent19388 E:\VUT\4 Semester\DE1\Project1\Project1.xpr
# Log file: E:/VUT/4 Semester/DE1/Project1/vivado.log
# Journal file: E:/VUT/4 Semester/DE1/Project1\vivado.jou
#-----------------------------------------------------------
start_gui
open_project {E:/VUT/4 Semester/DE1/Project1/Project1.xpr}
update_compile_order -fileset sources_1
launch_simulation
source tb_hall_sensor.tcl
close_sim
launch_simulation
source tb_hall_sensor.tcl
close_sim
close [ open {E:/VUT/4 Semester/DE1/Project1/Project1.srcs/sources_1/new/top.vhd} w ]
add_files {{E:/VUT/4 Semester/DE1/Project1/Project1.srcs/sources_1/new/top.vhd}}
update_compile_order -fileset sources_1
set_property SOURCE_SET sources_1 [get_filesets sim_1]
close [ open {E:/VUT/4 Semester/DE1/Project1/Project1.srcs/sim_1/new/tb_top.vhd} w ]
add_files -fileset sim_1 {{E:/VUT/4 Semester/DE1/Project1/Project1.srcs/sim_1/new/tb_top.vhd}}
update_compile_order -fileset sim_1
# Disabling source management mode.  This is to allow the top design properties to be set without GUI intervention.
set_property source_mgmt_mode None [current_project]
set_property top tb_top [get_filesets sim_1]
set_property top_lib xil_defaultlib [get_filesets sim_1]
# Re-enabling previously disabled source management mode.
set_property source_mgmt_mode All [current_project]
update_compile_order -fileset sim_1
# Disabling source management mode.  This is to allow the top design properties to be set without GUI intervention.
set_property source_mgmt_mode None [current_project]
set_property top top [get_filesets sim_1]
set_property top_lib xil_defaultlib [get_filesets sim_1]
# Re-enabling previously disabled source management mode.
set_property source_mgmt_mode All [current_project]
update_compile_order -fileset sim_1
launch_simulation
# Disabling source management mode.  This is to allow the top design properties to be set without GUI intervention.
set_property source_mgmt_mode None [current_project]
set_property top tb_top [get_filesets sim_1]
set_property top_lib xil_defaultlib [get_filesets sim_1]
# Re-enabling previously disabled source management mode.
set_property source_mgmt_mode All [current_project]
update_compile_order -fileset sim_1
# Disabling source management mode.  This is to allow the top design properties to be set without GUI intervention.
set_property source_mgmt_mode None [current_project]
set_property top top [current_fileset]
# Re-enabling previously disabled source management mode.
set_property source_mgmt_mode All [current_project]
update_compile_order -fileset sources_1
launch_simulation
launch_simulation
launch_simulation
# Disabling source management mode.  This is to allow the top design properties to be set without GUI intervention.
set_property source_mgmt_mode None [current_project]
set_property top driver_7seg [current_fileset]
# Re-enabling previously disabled source management mode.
set_property source_mgmt_mode All [current_project]
update_compile_order -fileset sources_1
# Disabling source management mode.  This is to allow the top design properties to be set without GUI intervention.
set_property source_mgmt_mode None [current_project]
set_property top tb_driver [get_filesets sim_1]
set_property top_lib xil_defaultlib [get_filesets sim_1]
# Re-enabling previously disabled source management mode.
set_property source_mgmt_mode All [current_project]
update_compile_order -fileset sim_1
launch_simulation
launch_simulation
source tb_driver.tcl
close_sim
# Disabling source management mode.  This is to allow the top design properties to be set without GUI intervention.
set_property source_mgmt_mode None [current_project]
set_property top top [current_fileset]
# Re-enabling previously disabled source management mode.
set_property source_mgmt_mode All [current_project]
update_compile_order -fileset sources_1
# Disabling source management mode.  This is to allow the top design properties to be set without GUI intervention.
set_property source_mgmt_mode None [current_project]
set_property top tb_top [get_filesets sim_1]
set_property top_lib xil_defaultlib [get_filesets sim_1]
# Re-enabling previously disabled source management mode.
set_property source_mgmt_mode All [current_project]
update_compile_order -fileset sim_1
launch_simulation
source tb_top.tcl
close_sim
launch_simulation
source tb_top.tcl
close_sim
set_property -name {xsim.simulate.runtime} -value {1000ms} -objects [get_filesets sim_1]
launch_simulation
source tb_top.tcl
set_property -name {xsim.simulate.runtime} -value {100ms} -objects [get_filesets sim_1]
relaunch_sim
set_property -name {xsim.simulate.runtime} -value {10000ns} -objects [get_filesets sim_1]
relaunch_sim
close_sim
set_property -name {xsim.simulate.runtime} -value {1000ns} -objects [get_filesets sim_1]
launch_simulation
source tb_top.tcl
close_sim
set_property -name {xsim.simulate.runtime} -value {3000ns} -objects [get_filesets sim_1]
launch_simulation
source tb_top.tcl
close_sim
launch_simulation
source tb_top.tcl
close_sim
set_property -name {xsim.simulate.runtime} -value {200ms} -objects [get_filesets sim_1]
launch_simulation
source tb_top.tcl
close_sim
launch_simulation
source tb_top.tcl
close_sim
launch_simulation
source tb_top.tcl
close_sim
set_property -name {xsim.simulate.runtime} -value {300ms} -objects [get_filesets sim_1]
launch_simulation
source tb_top.tcl
current_wave_config {Untitled 13}
add_wave {{/tb_top/uut_hall/distance}} 
relaunch_sim
set_property -name {xsim.simulate.runtime} -value {200ms} -objects [get_filesets sim_1]
close_sim
launch_simulation
source tb_top.tcl
current_wave_config {Untitled 14}
add_wave {{/tb_top/uut_hall/speed}} 
current_wave_config {Untitled 14}
add_wave {{/tb_top/uut_hall/distance}} 
relaunch_sim
close_sim
# Disabling source management mode.  This is to allow the top design properties to be set without GUI intervention.
set_property source_mgmt_mode None [current_project]
set_property top top [get_filesets sim_1]
set_property top_lib xil_defaultlib [get_filesets sim_1]
# Re-enabling previously disabled source management mode.
set_property source_mgmt_mode All [current_project]
update_compile_order -fileset sim_1
# Disabling source management mode.  This is to allow the top design properties to be set without GUI intervention.
set_property source_mgmt_mode None [current_project]
set_property top tb_top [get_filesets sim_1]
set_property top_lib xil_defaultlib [get_filesets sim_1]
# Re-enabling previously disabled source management mode.
set_property source_mgmt_mode All [current_project]
update_compile_order -fileset sim_1
# Disabling source management mode.  This is to allow the top design properties to be set without GUI intervention.
set_property source_mgmt_mode None [current_project]
set_property top hall_sensor [current_fileset]
# Re-enabling previously disabled source management mode.
set_property source_mgmt_mode All [current_project]
update_compile_order -fileset sources_1
# Disabling source management mode.  This is to allow the top design properties to be set without GUI intervention.
set_property source_mgmt_mode None [current_project]
set_property top tb_hall_sensor [get_filesets sim_1]
set_property top_lib xil_defaultlib [get_filesets sim_1]
# Re-enabling previously disabled source management mode.
set_property source_mgmt_mode All [current_project]
update_compile_order -fileset sim_1
launch_simulation
source tb_hall_sensor.tcl
relaunch_sim
close_sim
launch_simulation
source tb_hall_sensor.tcl
close_sim
# Disabling source management mode.  This is to allow the top design properties to be set without GUI intervention.
set_property source_mgmt_mode None [current_project]
set_property top tb_top [get_filesets sim_1]
set_property top_lib xil_defaultlib [get_filesets sim_1]
# Re-enabling previously disabled source management mode.
set_property source_mgmt_mode All [current_project]
update_compile_order -fileset sim_1
# Disabling source management mode.  This is to allow the top design properties to be set without GUI intervention.
set_property source_mgmt_mode None [current_project]
set_property top top [current_fileset]
# Re-enabling previously disabled source management mode.
set_property source_mgmt_mode All [current_project]
update_compile_order -fileset sources_1
launch_simulation
source tb_top.tcl
current_wave_config {Untitled 18}
add_wave {{/tb_top/uut_hall/s_speed}} 
current_wave_config {Untitled 18}
add_wave {{/tb_top/uut_hall/s_distance}} 
relaunch_sim
close_sim
launch_simulation
source tb_top.tcl
close_sim
launch_simulation
source tb_top.tcl
current_wave_config {}
add_wave {{/tb_top/uut_hall/s_speed}} 
current_wave_config {Untitled 20}
add_wave {{/tb_top/uut_hall/s_distance}} 
relaunch_sim
close_sim
launch_simulation
source tb_top.tcl
current_wave_config {Untitled 21}
add_wave {{/tb_top/uut_hall/s_speed}} 
current_wave_config {Untitled 21}
add_wave {{/tb_top/uut_hall/s_distance}} 
relaunch_sim
close_sim
# Disabling source management mode.  This is to allow the top design properties to be set without GUI intervention.
set_property source_mgmt_mode None [current_project]
set_property top tb_hall_sensor [get_filesets sim_1]
set_property top_lib xil_defaultlib [get_filesets sim_1]
# Re-enabling previously disabled source management mode.
set_property source_mgmt_mode All [current_project]
update_compile_order -fileset sim_1
# Disabling source management mode.  This is to allow the top design properties to be set without GUI intervention.
set_property source_mgmt_mode None [current_project]
set_property top hall_sensor [current_fileset]
# Re-enabling previously disabled source management mode.
set_property source_mgmt_mode All [current_project]
update_compile_order -fileset sources_1
launch_simulation
source tb_hall_sensor.tcl
close_sim
launch_simulation
source tb_hall_sensor.tcl
close_sim
# Disabling source management mode.  This is to allow the top design properties to be set without GUI intervention.
set_property source_mgmt_mode None [current_project]
set_property top driver_7seg [current_fileset]
# Re-enabling previously disabled source management mode.
set_property source_mgmt_mode All [current_project]
update_compile_order -fileset sources_1
# Disabling source management mode.  This is to allow the top design properties to be set without GUI intervention.
set_property source_mgmt_mode None [current_project]
set_property top tb_driver [get_filesets sim_1]
set_property top_lib xil_defaultlib [get_filesets sim_1]
# Re-enabling previously disabled source management mode.
set_property source_mgmt_mode All [current_project]
update_compile_order -fileset sim_1
launch_simulation
source tb_driver.tcl
close_sim
# Disabling source management mode.  This is to allow the top design properties to be set without GUI intervention.
set_property source_mgmt_mode None [current_project]
set_property top tb_top [get_filesets sim_1]
set_property top_lib xil_defaultlib [get_filesets sim_1]
# Re-enabling previously disabled source management mode.
set_property source_mgmt_mode All [current_project]
update_compile_order -fileset sim_1
# Disabling source management mode.  This is to allow the top design properties to be set without GUI intervention.
set_property source_mgmt_mode None [current_project]
set_property top top [current_fileset]
# Re-enabling previously disabled source management mode.
set_property source_mgmt_mode All [current_project]
update_compile_order -fileset sources_1
launch_simulation
source tb_top.tcl
current_wave_config {Untitled 25}
add_wave {{/tb_top/uut_hall/s_speed}} 
current_wave_config {Untitled 25}
add_wave {{/tb_top/uut_hall/s_distance}} 
relaunch_sim
close_sim
# Disabling source management mode.  This is to allow the top design properties to be set without GUI intervention.
set_property source_mgmt_mode None [current_project]
set_property top driver_7seg [current_fileset]
# Re-enabling previously disabled source management mode.
set_property source_mgmt_mode All [current_project]
update_compile_order -fileset sources_1
# Disabling source management mode.  This is to allow the top design properties to be set without GUI intervention.
set_property source_mgmt_mode None [current_project]
set_property top tb_driver [get_filesets sim_1]
set_property top_lib xil_defaultlib [get_filesets sim_1]
# Re-enabling previously disabled source management mode.
set_property source_mgmt_mode All [current_project]
update_compile_order -fileset sim_1
launch_simulation
source tb_driver.tcl
relaunch_sim
relaunch_sim
close_sim
